0.009525 
0.904842 
0.902942 
0.051563 
0.902629 
0.057064 
0.064631 
0.758208 
