0.914443 
-0.012443 
-0.900110 
0.016337 
0.913809 
